2026-08-10 15:06:38 - floosball.websocket - INFO - WebSocket ConnectionManager initialized
2026-08-10 15:06:39 - floosball.api_server - INFO - ============================================================
2026-08-10 15:06:39 - floosball.api_server - INFO - Floosball API Server
2026-08-10 15:06:39 - floosball.api_server - INFO - ============================================================
2026-08-10 15:06:39 - floosball.api_server - INFO - Timing Mode: SEQUENTIAL
2026-08-10 15:06:39 - floosball.api_server - INFO - Fresh Start: False
2026-08-10 15:06:39 - floosball.api_server - INFO - Card Reset: False
2026-08-10 15:06:39 - floosball.api_server - INFO - Card Reset (current season only): False
2026-08-10 15:06:39 - floosball.api_server - INFO - ============================================================
2026-08-10 15:06:39 - floosball.api_server - INFO - Initializing Floosball Application...
2026-08-10 15:06:39 - floosball.database - INFO -   Migration: ensured showcase_slots table
2026-08-10 15:06:39 - floosball.database - INFO -   Migration: ensured uq_teams_coach_id (one coach per team)
2026-08-10 15:06:39 - floosball.database - INFO -   Migration: created play_reactions table
2026-08-10 15:06:39 - floosball.database - INFO -   Migration: created uq_equipped_card_slot_pos index
2026-08-10 15:06:39 - floosball.database - INFO -   Migration: player_sentiment_ratings ensured
2026-08-10 15:06:39 - floosball.database - INFO -   Migration: coach_sentiment_votes ensured
2026-08-10 15:06:39 - floosball.database - INFO -   Migration: team_feed_posts ensured
2026-08-10 15:06:39 - floosball.database - INFO -   Migration: app_settings table ensured with default rows
2026-08-10 15:06:39 - floosball.database - INFO -   Migration: ensured spectator_progress table
2026-08-10 15:06:39 - floosball.database - INFO -   Migration: ensured supporter_dividends table
2026-08-10 15:06:39 - floosball.database - INFO -   Migration: ensured award_votes + hof_ballot_entries tables
2026-08-10 15:06:39 - floosball.database - INFO -   Migration: ensured team_facilities table
2026-08-10 15:06:39 - floosball.database - INFO -   Migration: ensured pending_names table
2026-08-10 15:06:39 - floosball.database - INFO -   Migration: ensured facility_projects + team_treasury + upkeep_funded + facility_votes
2026-08-10 15:06:39 - floosball.database - INFO -   Migration: replaced 'random' powerup slugs in pending_rewards
2026-08-10 15:06:39 - floosball.database - INFO -   Backfill: fixing 30 player_season_stats rows with NULL team_id
2026-08-10 15:06:39 - floosball.database - INFO -   Backfill: fixed 0 rows, 30 still NULL (no game data)
2026-08-10 15:06:39 - floosball.database - INFO -   Backfill diagnostic: game_player_stats has 8481 rows
2026-08-10 15:06:39 - floosball.database - INFO -   Backfill diagnostic: sample passing_stats = {"att": 0, "comp": 0, "compPerc": 0.0, "missedPass": 0, "tds": 0, "ints": 0, "yards": 0, "ypc": 0.0,
2026-08-10 15:06:39 - floosball.database - INFO -   Backfill: no empty rows found. Total PSS rows: 414
2026-08-10 15:06:39 - floosball.database - INFO -   Backfill: sample PSS row: passing_yards=5878, rushing_yards=127, receiving_yards=0, passing_stats={"att": 1085, "comp": 741, "compPerc": 68, "missedPass": 289, "tds": 25, "ints":
2026-08-10 15:06:39 - floosball.database - INFO - Database initialized at /Users/andrew/Projects/floosball/data/floosball.db
